// Jest Snapshot v1, https://goo.gl/fbAQLP

exports[`<Main /> should render hello world title 1`] = `
.c0 {
  width: 100%;
  height: 100%;
  background-color: #0071ff33;
  display: -webkit-box;
  display: -webkit-flex;
  display: -ms-flexbox;
  display: flex;
  -webkit-align-items: center;
  -webkit-box-align: center;
  -ms-flex-align: center;
  align-items: center;
  -webkit-box-pack: center;
  -webkit-justify-content: center;
  -ms-flex-pack: center;
  justify-content: center;
}

<div
  class="c0"
>
  <h1>
    Hello World
  </h1>
</div>
`;
